Archive member included to satisfy reference by file (symbol)

c:/program files (x86)/microchip/xc8/v2.10/avr/bin/../lib/gcc/avr/5.4.0/avrxmega3/short-calls\libgcc.a(_exit.o)
                              C:/Program Files (x86)/Microchip/MPLABX/v5.25/packs/Microchip/ATtiny_DFP/2.0.10/gcc/dev/attiny412/avrxmega3/short-calls/crtattiny412.o (exit)
c:/program files (x86)/microchip/xc8/v2.10/avr/bin/../lib/gcc/avr/5.4.0/avrxmega3/short-calls\libgcc.a(_copy_data.o)
                              build/default/debug/mcc_generated_files/src/tca0.o (__do_copy_data)

Allocating common symbols
Common symbol       size              file

dutyCycle           0x2               build/default/debug/main.o
period              0x2               build/default/debug/main.o

Discarded input sections

 .data          0x00000000        0x0 C:/Program Files (x86)/Microchip/MPLABX/v5.25/packs/Microchip/ATtiny_DFP/2.0.10/gcc/dev/attiny412/avrxmega3/short-calls/crtattiny412.o
 .bss           0x00000000        0x0 C:/Program Files (x86)/Microchip/MPLABX/v5.25/packs/Microchip/ATtiny_DFP/2.0.10/gcc/dev/attiny412/avrxmega3/short-calls/crtattiny412.o
 .text          0x00000000        0x0 build/default/debug/mcc_generated_files/src/pin_manager.o
 .data          0x00000000        0x0 build/default/debug/mcc_generated_files/src/pin_manager.o
 .bss           0x00000000        0x0 build/default/debug/mcc_generated_files/src/pin_manager.o
 .text.PORTA_IO_PA2_DefaultInterruptHandler
                0x00000000        0x2 build/default/debug/mcc_generated_files/src/pin_manager.o
 .text.PORTA_IO_PA1_DefaultInterruptHandler
                0x00000000        0x2 build/default/debug/mcc_generated_files/src/pin_manager.o
 .text.PORTA_IO_PA6_DefaultInterruptHandler
                0x00000000        0x2 build/default/debug/mcc_generated_files/src/pin_manager.o
 .text.PORTA_PA7_DefaultInterruptHandler
                0x00000000        0x2 build/default/debug/mcc_generated_files/src/pin_manager.o
 .text.PORTA_IO_PA2_SetInterruptHandler
                0x00000000        0x2 build/default/debug/mcc_generated_files/src/pin_manager.o
 .text.PORTA_IO_PA1_SetInterruptHandler
                0x00000000        0x2 build/default/debug/mcc_generated_files/src/pin_manager.o
 .text.PORTA_IO_PA6_SetInterruptHandler
                0x00000000        0x2 build/default/debug/mcc_generated_files/src/pin_manager.o
 .text.PORTA_PA7_SetInterruptHandler
                0x00000000        0x2 build/default/debug/mcc_generated_files/src/pin_manager.o
 .text          0x00000000        0x0 build/default/debug/mcc_generated_files/src/cpuint.o
 .data          0x00000000        0x0 build/default/debug/mcc_generated_files/src/cpuint.o
 .bss           0x00000000        0x0 build/default/debug/mcc_generated_files/src/cpuint.o
 .text          0x00000000        0x0 build/default/debug/mcc_generated_files/src/tcb0.o
 .data          0x00000000        0x0 build/default/debug/mcc_generated_files/src/tcb0.o
 .bss           0x00000000        0x0 build/default/debug/mcc_generated_files/src/tcb0.o
 .text.TCB0_SetCaptIsrCallback
                0x00000000        0xa build/default/debug/mcc_generated_files/src/tcb0.o
 .text.TCB0_WriteTimer
                0x00000000        0xa build/default/debug/mcc_generated_files/src/tcb0.o
 .text.TCB0_ReadTimer
                0x00000000        0xa build/default/debug/mcc_generated_files/src/tcb0.o
 .text.TCB0_EnableInterrupt
                0x00000000        0xc build/default/debug/mcc_generated_files/src/tcb0.o
 .text.TCB0_DisableInterrupt
                0x00000000        0xc build/default/debug/mcc_generated_files/src/tcb0.o
 .text.TCB0_ClearInterruptFlag
                0x00000000        0xc build/default/debug/mcc_generated_files/src/tcb0.o
 .text.TCB0_IsInterruptEnabled
                0x00000000        0xc build/default/debug/mcc_generated_files/src/tcb0.o
 .text          0x00000000        0x0 build/default/debug/mcc_generated_files/src/protected_io.o
 .data          0x00000000        0x0 build/default/debug/mcc_generated_files/src/protected_io.o
 .bss           0x00000000        0x0 build/default/debug/mcc_generated_files/src/protected_io.o
 .text          0x00000000        0x0 build/default/debug/mcc_generated_files/src/tca0.o
 .data          0x00000000        0x0 build/default/debug/mcc_generated_files/src/tca0.o
 .bss           0x00000000        0x0 build/default/debug/mcc_generated_files/src/tca0.o
 .text.TCA0_SetCMP0IsrCallback
                0x00000000        0xa build/default/debug/mcc_generated_files/src/tca0.o
 .text.TCA0_SetCMP1IsrCallback
                0x00000000        0xa build/default/debug/mcc_generated_files/src/tca0.o
 .text.TCA0_SetCMP2IsrCallback
                0x00000000        0xa build/default/debug/mcc_generated_files/src/tca0.o
 .text.TCA0_WriteTimer
                0x00000000        0xa build/default/debug/mcc_generated_files/src/tca0.o
 .text.TCA0_ReadTimer
                0x00000000        0xa build/default/debug/mcc_generated_files/src/tca0.o
 .text.TCA0_DisableInterrupt
                0x00000000        0x6 build/default/debug/mcc_generated_files/src/tca0.o
 .text.TCA0_IsOverflowInterruptEnabled
                0x00000000        0xc build/default/debug/mcc_generated_files/src/tca0.o
 .text          0x00000000        0x0 build/default/debug/mcc_generated_files/src/evsys.o
 .data          0x00000000        0x0 build/default/debug/mcc_generated_files/src/evsys.o
 .bss           0x00000000        0x0 build/default/debug/mcc_generated_files/src/evsys.o
 .text          0x00000000        0x0 build/default/debug/mcc_generated_files/mcc.o
 .data          0x00000000        0x0 build/default/debug/mcc_generated_files/mcc.o
 .bss           0x00000000        0x0 build/default/debug/mcc_generated_files/mcc.o
 .text          0x00000000        0x0 build/default/debug/mcc_generated_files/device_config.o
 .data          0x00000000        0x0 build/default/debug/mcc_generated_files/device_config.o
 .bss           0x00000000        0x0 build/default/debug/mcc_generated_files/device_config.o
 .text          0x00000000        0x0 build/default/debug/main.o
 .data          0x00000000        0x0 build/default/debug/main.o
 .bss           0x00000000        0x0 build/default/debug/main.o
 .text.periodDcCapture
                0x00000000       0x26 build/default/debug/main.o
 COMMON         0x00000000        0x4 build/default/debug/main.o
 .text          0x00000000        0x0 c:/program files (x86)/microchip/xc8/v2.10/avr/bin/../lib/gcc/avr/5.4.0/avrxmega3/short-calls\libgcc.a(_exit.o)
 .data          0x00000000        0x0 c:/program files (x86)/microchip/xc8/v2.10/avr/bin/../lib/gcc/avr/5.4.0/avrxmega3/short-calls\libgcc.a(_exit.o)
 .bss           0x00000000        0x0 c:/program files (x86)/microchip/xc8/v2.10/avr/bin/../lib/gcc/avr/5.4.0/avrxmega3/short-calls\libgcc.a(_exit.o)
 .text.libgcc.mul
                0x00000000        0x0 c:/program files (x86)/microchip/xc8/v2.10/avr/bin/../lib/gcc/avr/5.4.0/avrxmega3/short-calls\libgcc.a(_exit.o)
 .text.libgcc.div
                0x00000000        0x0 c:/program files (x86)/microchip/xc8/v2.10/avr/bin/../lib/gcc/avr/5.4.0/avrxmega3/short-calls\libgcc.a(_exit.o)
 .text.libgcc   0x00000000        0x0 c:/program files (x86)/microchip/xc8/v2.10/avr/bin/../lib/gcc/avr/5.4.0/avrxmega3/short-calls\libgcc.a(_exit.o)
 .text.libgcc.prologue
                0x00000000        0x0 c:/program files (x86)/microchip/xc8/v2.10/avr/bin/../lib/gcc/avr/5.4.0/avrxmega3/short-calls\libgcc.a(_exit.o)
 .text.libgcc.builtins
                0x00000000        0x0 c:/program files (x86)/microchip/xc8/v2.10/avr/bin/../lib/gcc/avr/5.4.0/avrxmega3/short-calls\libgcc.a(_exit.o)
 .text.libgcc.fmul
                0x00000000        0x0 c:/program files (x86)/microchip/xc8/v2.10/avr/bin/../lib/gcc/avr/5.4.0/avrxmega3/short-calls\libgcc.a(_exit.o)
 .text.libgcc.fixed
                0x00000000        0x0 c:/program files (x86)/microchip/xc8/v2.10/avr/bin/../lib/gcc/avr/5.4.0/avrxmega3/short-calls\libgcc.a(_exit.o)
 .text          0x00000000        0x0 c:/program files (x86)/microchip/xc8/v2.10/avr/bin/../lib/gcc/avr/5.4.0/avrxmega3/short-calls\libgcc.a(_copy_data.o)
 .data          0x00000000        0x0 c:/program files (x86)/microchip/xc8/v2.10/avr/bin/../lib/gcc/avr/5.4.0/avrxmega3/short-calls\libgcc.a(_copy_data.o)
 .bss           0x00000000        0x0 c:/program files (x86)/microchip/xc8/v2.10/avr/bin/../lib/gcc/avr/5.4.0/avrxmega3/short-calls\libgcc.a(_copy_data.o)
 .text.libgcc.mul
                0x00000000        0x0 c:/program files (x86)/microchip/xc8/v2.10/avr/bin/../lib/gcc/avr/5.4.0/avrxmega3/short-calls\libgcc.a(_copy_data.o)
 .text.libgcc.div
                0x00000000        0x0 c:/program files (x86)/microchip/xc8/v2.10/avr/bin/../lib/gcc/avr/5.4.0/avrxmega3/short-calls\libgcc.a(_copy_data.o)
 .text.libgcc   0x00000000        0x0 c:/program files (x86)/microchip/xc8/v2.10/avr/bin/../lib/gcc/avr/5.4.0/avrxmega3/short-calls\libgcc.a(_copy_data.o)
 .text.libgcc.prologue
                0x00000000        0x0 c:/program files (x86)/microchip/xc8/v2.10/avr/bin/../lib/gcc/avr/5.4.0/avrxmega3/short-calls\libgcc.a(_copy_data.o)
 .text.libgcc.builtins
                0x00000000        0x0 c:/program files (x86)/microchip/xc8/v2.10/avr/bin/../lib/gcc/avr/5.4.0/avrxmega3/short-calls\libgcc.a(_copy_data.o)
 .text.libgcc.fmul
                0x00000000        0x0 c:/program files (x86)/microchip/xc8/v2.10/avr/bin/../lib/gcc/avr/5.4.0/avrxmega3/short-calls\libgcc.a(_copy_data.o)
 .text.libgcc.fixed
                0x00000000        0x0 c:/program files (x86)/microchip/xc8/v2.10/avr/bin/../lib/gcc/avr/5.4.0/avrxmega3/short-calls\libgcc.a(_copy_data.o)

Memory Configuration

Name             Origin             Length             Attributes
text             0x00000000         0x00001000         xr
data             0x00803f00         0x00000100         rw !x
eeprom           0x00810000         0x00000080         rw !x
fuse             0x00820000         0x00000009         rw !x
lock             0x00830000         0x00000400         rw !x
signature        0x00840000         0x00000400         rw !x
user_signatures  0x00850000         0x00000400         rw !x
*default*        0x00000000         0xffffffff

Linker script and memory map

Address of section .data set to 0x803f00
                0x00008000                __RODATA_PM_OFFSET__ = 0x8000
LOAD C:/Program Files (x86)/Microchip/MPLABX/v5.25/packs/Microchip/ATtiny_DFP/2.0.10/gcc/dev/attiny412/avrxmega3/short-calls/crtattiny412.o
                0x00000001                __MPLAB_BUILD = 0x1
LOAD build/default/debug/mcc_generated_files/src/pin_manager.o
LOAD build/default/debug/mcc_generated_files/src/cpuint.o
LOAD build/default/debug/mcc_generated_files/src/tcb0.o
LOAD build/default/debug/mcc_generated_files/src/protected_io.o
LOAD build/default/debug/mcc_generated_files/src/tca0.o
LOAD build/default/debug/mcc_generated_files/src/evsys.o
LOAD build/default/debug/mcc_generated_files/mcc.o
LOAD build/default/debug/mcc_generated_files/device_config.o
LOAD build/default/debug/main.o
START GROUP
LOAD c:/program files (x86)/microchip/xc8/v2.10/avr/bin/../lib/gcc/avr/5.4.0/../../../../avr/lib/avrxmega3/short-calls\libm.a
END GROUP
                0x00000001                __MPLAB_DEBUG = 0x1
                0x00000001                __DEBUG = 0x1
START GROUP
LOAD c:/program files (x86)/microchip/xc8/v2.10/avr/bin/../lib/gcc/avr/5.4.0/avrxmega3/short-calls\libgcc.a
LOAD c:/program files (x86)/microchip/xc8/v2.10/avr/bin/../lib/gcc/avr/5.4.0/../../../../avr/lib/avrxmega3/short-calls\libm.a
LOAD c:/program files (x86)/microchip/xc8/v2.10/avr/bin/../lib/gcc/avr/5.4.0/../../../../avr/lib/avrxmega3/short-calls\libc.a
LOAD C:/Program Files (x86)/Microchip/MPLABX/v5.25/packs/Microchip/ATtiny_DFP/2.0.10/gcc/dev/attiny412/avrxmega3/short-calls\libattiny412.a
END GROUP
                [0x00000000]                __TEXT_REGION_ORIGIN__ = DEFINED (__TEXT_REGION_ORIGIN__)?__TEXT_REGION_ORIGIN__:0x0
                [0x00803f00]                __DATA_REGION_ORIGIN__ = DEFINED (__DATA_REGION_ORIGIN__)?__DATA_REGION_ORIGIN__:0x802000
                [0x00001000]                __TEXT_REGION_LENGTH__ = DEFINED (__TEXT_REGION_LENGTH__)?__TEXT_REGION_LENGTH__:0x100000
                [0x00000100]                __DATA_REGION_LENGTH__ = DEFINED (__DATA_REGION_LENGTH__)?__DATA_REGION_LENGTH__:0xffa0
                [0x00000080]                __EEPROM_REGION_LENGTH__ = DEFINED (__EEPROM_REGION_LENGTH__)?__EEPROM_REGION_LENGTH__:0x10000
                [0x00000009]                __FUSE_REGION_LENGTH__ = DEFINED (__FUSE_REGION_LENGTH__)?__FUSE_REGION_LENGTH__:0x400
                0x00000400                __LOCK_REGION_LENGTH__ = DEFINED (__LOCK_REGION_LENGTH__)?__LOCK_REGION_LENGTH__:0x400
                0x00000400                __SIGNATURE_REGION_LENGTH__ = DEFINED (__SIGNATURE_REGION_LENGTH__)?__SIGNATURE_REGION_LENGTH__:0x400
                0x00000400                __USER_SIGNATURE_REGION_LENGTH__ = DEFINED (__USER_SIGNATURE_REGION_LENGTH__)?__USER_SIGNATURE_REGION_LENGTH__:0x400
                0x00008000                __RODATA_PM_OFFSET__ = DEFINED (__RODATA_PM_OFFSET__)?__RODATA_PM_OFFSET__:0x8000

.hash
 *(.hash)

.dynsym
 *(.dynsym)

.dynstr
 *(.dynstr)

.gnu.version
 *(.gnu.version)

.gnu.version_d
 *(.gnu.version_d)

.gnu.version_r
 *(.gnu.version_r)

.rel.init
 *(.rel.init)

.rela.init
 *(.rela.init)

.rel.text
 *(.rel.text)
 *(.rel.text.*)
 *(.rel.gnu.linkonce.t*)

.rela.text
 *(.rela.text)
 *(.rela.text.*)
 *(.rela.gnu.linkonce.t*)

.rel.fini
 *(.rel.fini)

.rela.fini
 *(.rela.fini)

.rel.rodata
 *(.rel.rodata)
 *(.rel.rodata.*)
 *(.rel.gnu.linkonce.r*)

.rela.rodata
 *(.rela.rodata)
 *(.rela.rodata.*)
 *(.rela.gnu.linkonce.r*)

.rel.data
 *(.rel.data)
 *(.rel.data.*)
 *(.rel.gnu.linkonce.d*)

.rela.data
 *(.rela.data)
 *(.rela.data.*)
 *(.rela.gnu.linkonce.d*)

.rel.ctors
 *(.rel.ctors)

.rela.ctors
 *(.rela.ctors)

.rel.dtors
 *(.rel.dtors)

.rela.dtors
 *(.rela.dtors)

.rel.got
 *(.rel.got)

.rela.got
 *(.rela.got)

.rel.bss
 *(.rel.bss)

.rela.bss
 *(.rela.bss)

.rel.plt
 *(.rel.plt)

.rela.plt
 *(.rela.plt)

.text           0x00000000       0xb0
 *(.vectors)
 .vectors       0x00000000       0x34 C:/Program Files (x86)/Microchip/MPLABX/v5.25/packs/Microchip/ATtiny_DFP/2.0.10/gcc/dev/attiny412/avrxmega3/short-calls/crtattiny412.o
                0x00000000                __vector_default
                0x00000000                __vectors
 *(.vectors)
 *(.progmem.gcc*)
 *(.dinit)
 .dinit         0x00000034       0x2b data_init
                0x00000060                . = ALIGN (0x2)
 *fill*         0x0000005f        0x1 
                0x00000060                __trampolines_start = .
 *(.trampolines)
 .trampolines   0x00000060        0x0 linker stubs
 *(.trampolines*)
                0x00000060                __trampolines_end = .
 *libprintf_flt.a:*(.progmem.data)
 *libc.a:*(.progmem.data)
                0x00000060                . = ALIGN (0x2)
 *(.jumptables)
 *(.jumptables*)
 *(.lowtext)
 *(.lowtext*)
                0x00000060                __ctors_start = .
 *(.ctors)
                0x00000060                __ctors_end = .
                0x00000060                __dtors_start = .
 *(.dtors)
                0x00000060                __dtors_end = .
 SORT(*)(.ctors)
 SORT(*)(.dtors)
 *(.init0)
 .init0         0x00000060        0x0 C:/Program Files (x86)/Microchip/MPLABX/v5.25/packs/Microchip/ATtiny_DFP/2.0.10/gcc/dev/attiny412/avrxmega3/short-calls/crtattiny412.o
                0x00000060                __init
 *(.init0)
 *(.init1)
 *(.init1)
 *(.init2)
 .init2         0x00000060        0xc C:/Program Files (x86)/Microchip/MPLABX/v5.25/packs/Microchip/ATtiny_DFP/2.0.10/gcc/dev/attiny412/avrxmega3/short-calls/crtattiny412.o
 *(.init2)
 *(.init3)
 *(.init3)
 *(.init4)
 .init4         0x0000006c       0x3c c:/program files (x86)/microchip/xc8/v2.10/avr/bin/../lib/gcc/avr/5.4.0/avrxmega3/short-calls\libgcc.a(_copy_data.o)
                0x0000006c                __do_copy_data
                0x0000009a                __do_clear_bss
 *(.init4)
 *(.init5)
 *(.init5)
 *(.init6)
 *(.init6)
 *(.init7)
 *(.init7)
 *(.init8)
 *(.init8)
 *(.init9)
 .init9         0x000000a8        0x4 C:/Program Files (x86)/Microchip/MPLABX/v5.25/packs/Microchip/ATtiny_DFP/2.0.10/gcc/dev/attiny412/avrxmega3/short-calls/crtattiny412.o
 *(.init9)
                0x000000ac                . = ALIGN (0x2)
 *(.fini9)
 .fini9         0x000000ac        0x0 c:/program files (x86)/microchip/xc8/v2.10/avr/bin/../lib/gcc/avr/5.4.0/avrxmega3/short-calls\libgcc.a(_exit.o)
                0x000000ac                _exit
                0x000000ac                exit
 *(.fini9)
 *(.fini8)
 *(.fini8)
 *(.fini7)
 *(.fini7)
 *(.fini6)
 *(.fini6)
 *(.fini5)
 *(.fini5)
 *(.fini4)
 *(.fini4)
 *(.fini3)
 *(.fini3)
 *(.fini2)
 *(.fini2)
 *(.fini1)
 *(.fini1)
 *(.fini0)
 .fini0         0x000000ac        0x4 c:/program files (x86)/microchip/xc8/v2.10/avr/bin/../lib/gcc/avr/5.4.0/avrxmega3/short-calls\libgcc.a(_exit.o)
 *(.fini0)
                0x000000b0                _etext = .

.rodata
 *(.rodata)
 *(.rodata*)
 *(.gnu.linkonce.r*)

.data           0x00803f00        0x0 load address 0x000000b0
                [!provide]                PROVIDE (__data_start, .)
 *(.gnu.linkonce.d*)
                0x00803f00                . = ALIGN (0x2)
                0x00803f00                _edata = .
                [!provide]                PROVIDE (__data_end, .)

.bss            0x00803f00        0x0
                [!provide]                PROVIDE (__bss_start, .)
 *(COMMON)
                [!provide]                PROVIDE (__bss_end, .)
                0x000000b0                __data_load_start = LOADADDR (.data)
                0x000000b0                __data_load_end = (__data_load_start + SIZEOF (.data))

.noinit         0x00803f00        0x0
                [!provide]                PROVIDE (__noinit_start, .)
 *(.noinit*)
                [!provide]                PROVIDE (__noinit_end, .)
                0x00803f00                _end = .

.eeprom         0x00810000        0x0
 *(.eeprom*)
                0x00810000                __eeprom_end = .

.fuse           0x00820000        0x9
 *(.fuse)
 .fuse          0x00820000        0x9 build/default/debug/mcc_generated_files/device_config.o
                0x00820000                __fuse
 *(.lfuse)
 *(.hfuse)
 *(.efuse)

.lock
 *(.lock*)

.signature
 *(.signature*)

.user_signatures
 *(.user_signatures*)

.stab
 *(.stab)

.stabstr
 *(.stabstr)

.stab.excl
 *(.stab.excl)

.stab.exclstr
 *(.stab.exclstr)

.stab.index
 *(.stab.index)

.stab.indexstr
 *(.stab.indexstr)

.comment        0x00000000       0x2f
 *(.comment)
 .comment       0x00000000       0x2f build/default/debug/mcc_generated_files/src/pin_manager.o
                                 0x30 (size before relaxing)
 .comment       0x0000002f       0x30 build/default/debug/mcc_generated_files/src/cpuint.o
 .comment       0x0000002f       0x30 build/default/debug/mcc_generated_files/src/tcb0.o
 .comment       0x0000002f       0x30 build/default/debug/mcc_generated_files/src/tca0.o
 .comment       0x0000002f       0x30 build/default/debug/mcc_generated_files/src/evsys.o
 .comment       0x0000002f       0x30 build/default/debug/mcc_generated_files/mcc.o
 .comment       0x0000002f       0x30 build/default/debug/mcc_generated_files/device_config.o
 .comment       0x0000002f       0x30 build/default/debug/main.o

.note.gnu.build-id
 *(.note.gnu.build-id)

.debug
 *(.debug)

.line
 *(.line)

.debug_srcinfo
 *(.debug_srcinfo)

.debug_sfnames
 *(.debug_sfnames)

.debug_aranges  0x00000000      0x268
 *(.debug_aranges)
 .debug_aranges
                0x00000000       0x68 build/default/debug/mcc_generated_files/src/pin_manager.o
 .debug_aranges
                0x00000068       0x20 build/default/debug/mcc_generated_files/src/cpuint.o
 .debug_aranges
                0x00000088       0x60 build/default/debug/mcc_generated_files/src/tcb0.o
 .debug_aranges
                0x000000e8       0x20 build/default/debug/mcc_generated_files/src/protected_io.o
 .debug_aranges
                0x00000108       0xb0 build/default/debug/mcc_generated_files/src/tca0.o
 .debug_aranges
                0x000001b8       0x20 build/default/debug/mcc_generated_files/src/evsys.o
 .debug_aranges
                0x000001d8       0x48 build/default/debug/mcc_generated_files/mcc.o
 .debug_aranges
                0x00000220       0x18 build/default/debug/mcc_generated_files/device_config.o
 .debug_aranges
                0x00000238       0x30 build/default/debug/main.o

.debug_pubnames
 *(.debug_pubnames)

.debug_info     0x00000000     0x595a
 *(.debug_info .gnu.linkonce.wi.*)
 .debug_info    0x00000000     0x1410 C:/Program Files (x86)/Microchip/MPLABX/v5.25/packs/Microchip/ATtiny_DFP/2.0.10/gcc/dev/attiny412/avrxmega3/short-calls/crtattiny412.o
 .debug_info    0x00001410      0x93a build/default/debug/mcc_generated_files/src/pin_manager.o
 .debug_info    0x00001d4a      0x3c4 build/default/debug/mcc_generated_files/src/cpuint.o
 .debug_info    0x0000210e      0x608 build/default/debug/mcc_generated_files/src/tcb0.o
 .debug_info    0x00002716       0x69 build/default/debug/mcc_generated_files/src/protected_io.o
 .debug_info    0x0000277f     0x103f build/default/debug/mcc_generated_files/src/tca0.o
 .debug_info    0x000037be      0x837 build/default/debug/mcc_generated_files/src/evsys.o
 .debug_info    0x00003ff5      0xb17 build/default/debug/mcc_generated_files/mcc.o
 .debug_info    0x00004b0c      0x844 build/default/debug/mcc_generated_files/device_config.o
 .debug_info    0x00005350      0x60a build/default/debug/main.o

.debug_abbrev   0x00000000     0x1bbf
 *(.debug_abbrev)
 .debug_abbrev  0x00000000     0x12fa C:/Program Files (x86)/Microchip/MPLABX/v5.25/packs/Microchip/ATtiny_DFP/2.0.10/gcc/dev/attiny412/avrxmega3/short-calls/crtattiny412.o
 .debug_abbrev  0x000012fa      0x134 build/default/debug/mcc_generated_files/src/pin_manager.o
 .debug_abbrev  0x0000142e       0xfa build/default/debug/mcc_generated_files/src/cpuint.o
 .debug_abbrev  0x00001528      0x16e build/default/debug/mcc_generated_files/src/tcb0.o
 .debug_abbrev  0x00001696       0x14 build/default/debug/mcc_generated_files/src/protected_io.o
 .debug_abbrev  0x000016aa      0x18c build/default/debug/mcc_generated_files/src/tca0.o
 .debug_abbrev  0x00001836       0x78 build/default/debug/mcc_generated_files/src/evsys.o
 .debug_abbrev  0x000018ae      0x157 build/default/debug/mcc_generated_files/mcc.o
 .debug_abbrev  0x00001a05       0x85 build/default/debug/mcc_generated_files/device_config.o
 .debug_abbrev  0x00001a8a      0x135 build/default/debug/main.o

.debug_line     0x00000000     0x120f
 *(.debug_line .debug_line.* .debug_line_end)
 .debug_line    0x00000000      0x136 C:/Program Files (x86)/Microchip/MPLABX/v5.25/packs/Microchip/ATtiny_DFP/2.0.10/gcc/dev/attiny412/avrxmega3/short-calls/crtattiny412.o
 .debug_line    0x00000136      0x216 build/default/debug/mcc_generated_files/src/pin_manager.o
 .debug_line    0x0000034c      0x186 build/default/debug/mcc_generated_files/src/cpuint.o
 .debug_line    0x000004d2      0x239 build/default/debug/mcc_generated_files/src/tcb0.o
 .debug_line    0x0000070b       0x66 build/default/debug/mcc_generated_files/src/protected_io.o
 .debug_line    0x00000771      0x370 build/default/debug/mcc_generated_files/src/tca0.o
 .debug_line    0x00000ae1      0x175 build/default/debug/mcc_generated_files/src/evsys.o
 .debug_line    0x00000c56      0x273 build/default/debug/mcc_generated_files/mcc.o
 .debug_line    0x00000ec9       0xf1 build/default/debug/mcc_generated_files/device_config.o
 .debug_line    0x00000fba      0x255 build/default/debug/main.o

.debug_frame    0x00000000      0x524
 *(.debug_frame)
 .debug_frame   0x00000000       0xb4 build/default/debug/mcc_generated_files/src/pin_manager.o
 .debug_frame   0x000000b4       0x24 build/default/debug/mcc_generated_files/src/cpuint.o
 .debug_frame   0x000000d8       0xec build/default/debug/mcc_generated_files/src/tcb0.o
 .debug_frame   0x000001c4      0x264 build/default/debug/mcc_generated_files/src/tca0.o
 .debug_frame   0x00000428       0x24 build/default/debug/mcc_generated_files/src/evsys.o
 .debug_frame   0x0000044c       0x84 build/default/debug/mcc_generated_files/mcc.o
 .debug_frame   0x000004d0       0x54 build/default/debug/main.o

.debug_str      0x00000000      0xc58
 *(.debug_str)
 .debug_str     0x00000000      0x89b C:/Program Files (x86)/Microchip/MPLABX/v5.25/packs/Microchip/ATtiny_DFP/2.0.10/gcc/dev/attiny412/avrxmega3/short-calls/crtattiny412.o
 .debug_str     0x0000089b       0x65 build/default/debug/mcc_generated_files/src/pin_manager.o
 .debug_str     0x00000900       0x13 build/default/debug/mcc_generated_files/src/cpuint.o
 .debug_str     0x00000913        0x0 build/default/debug/mcc_generated_files/src/tcb0.o
 .debug_str     0x00000913      0x1e9 build/default/debug/mcc_generated_files/src/tca0.o
 .debug_str     0x00000afc        0x0 build/default/debug/mcc_generated_files/src/evsys.o
 .debug_str     0x00000afc       0xdd build/default/debug/mcc_generated_files/mcc.o
 .debug_str     0x00000bd9        0x0 build/default/debug/mcc_generated_files/device_config.o
 .debug_str     0x00000bd9       0x7f build/default/debug/main.o

.debug_loc      0x00000000      0x1be
 *(.debug_loc)
 .debug_loc     0x00000000       0x21 build/default/debug/mcc_generated_files/src/pin_manager.o
 .debug_loc     0x00000021       0x2b build/default/debug/mcc_generated_files/src/cpuint.o
 .debug_loc     0x0000004c      0x172 build/default/debug/mcc_generated_files/mcc.o

.debug_macinfo
 *(.debug_macinfo)

.debug_weaknames
 *(.debug_weaknames)

.debug_funcnames
 *(.debug_funcnames)

.debug_typenames
 *(.debug_typenames)

.debug_varnames
 *(.debug_varnames)

.debug_pubtypes
 *(.debug_pubtypes)

.debug_ranges   0x00000000      0x1c0
 *(.debug_ranges)
 .debug_ranges  0x00000000       0x58 build/default/debug/mcc_generated_files/src/pin_manager.o
 .debug_ranges  0x00000058       0x10 build/default/debug/mcc_generated_files/src/cpuint.o
 .debug_ranges  0x00000068       0x50 build/default/debug/mcc_generated_files/src/tcb0.o
 .debug_ranges  0x000000b8       0xa0 build/default/debug/mcc_generated_files/src/tca0.o
 .debug_ranges  0x00000158       0x10 build/default/debug/mcc_generated_files/src/evsys.o
 .debug_ranges  0x00000168       0x38 build/default/debug/mcc_generated_files/mcc.o
 .debug_ranges  0x000001a0       0x20 build/default/debug/main.o

.debug_macro
 *(.debug_macro)
OUTPUT(dist/default/debug/SpiderTest.X.debug.elf elf32-avr)
LOAD linker stubs
LOAD data_init

.note.gnu.avr.deviceinfo
                0x00000000       0x3c
 .note.gnu.avr.deviceinfo
                0x00000000       0x3c C:/Program Files (x86)/Microchip/MPLABX/v5.25/packs/Microchip/ATtiny_DFP/2.0.10/gcc/dev/attiny412/avrxmega3/short-calls/crtattiny412.o

.bss.TCB0_CAPT_isr_cb
                0x00803f00        0x2
 .bss.TCB0_CAPT_isr_cb
                0x00803f00        0x2 build/default/debug/mcc_generated_files/src/tcb0.o
                0x00803f00                TCB0_CAPT_isr_cb

.bss.overflowOccured
                0x00803f0a        0x1
 .bss.overflowOccured
                0x00803f0a        0x1 build/default/debug/main.o
                0x00803f0a                overflowOccured

.bss.signalRx   0x00803f0b        0x1
 .bss.signalRx  0x00803f0b        0x1 build/default/debug/main.o
                0x00803f0b                signalRx

.text.main      0x000000b0       0xb6
 .text.main     0x000000b0       0xb6 build/default/debug/main.o
                0x000000b0                main

.text.__vector_13
                0x00000166       0x58
 .text.__vector_13
                0x00000166       0x58 build/default/debug/mcc_generated_files/src/tcb0.o
                0x00000166                __vector_13

.text.__vector_10
                0x000001be       0x58
 .text.__vector_10
                0x000001be       0x58 build/default/debug/mcc_generated_files/src/tca0.o
                0x000001be                __vector_10

.text.__vector_11
                0x00000216       0x58
 .text.__vector_11
                0x00000216       0x58 build/default/debug/mcc_generated_files/src/tca0.o
                0x00000216                __vector_11

.text.__vector_12
                0x0000026e       0x58
 .text.__vector_12
                0x0000026e       0x58 build/default/debug/mcc_generated_files/src/tca0.o
                0x0000026e                __vector_12

.text.__vector_8
                0x000002c6       0x58
 .text.__vector_8
                0x000002c6       0x58 build/default/debug/mcc_generated_files/src/tca0.o
                0x000002c6                __vector_8

.text.TCA0_Initialize
                0x0000031e       0x42
 .text.TCA0_Initialize
                0x0000031e       0x42 build/default/debug/mcc_generated_files/src/tca0.o
                0x0000031e                TCA0_Initialize

.text.CLKCTRL_Initialize
                0x00000360       0x40
 .text.CLKCTRL_Initialize
                0x00000360       0x40 build/default/debug/mcc_generated_files/mcc.o
                0x00000360                CLKCTRL_Initialize

.text.EVSYS_Initialize
                0x000003a0       0x32
 .text.EVSYS_Initialize
                0x000003a0       0x32 build/default/debug/mcc_generated_files/src/evsys.o
                0x000003a0                EVSYS_Initialize

.text.PIN_MANAGER_Initialize
                0x000003d2       0x2c
 .text.PIN_MANAGER_Initialize
                0x000003d2       0x2c build/default/debug/mcc_generated_files/src/pin_manager.o
                0x000003d2                PIN_MANAGER_Initialize

.text.TCB0_Initialize
                0x000003fe       0x24
 .text.TCB0_Initialize
                0x000003fe       0x24 build/default/debug/mcc_generated_files/src/tcb0.o
                0x000003fe                TCB0_Initialize

.text.__vector_2
                0x00000422       0x1e
 .text.__vector_2
                0x00000422       0x1e build/default/debug/mcc_generated_files/mcc.o
                0x00000422                __vector_2

.text.CPUINT_Initialize
                0x00000440       0x16
 .text.CPUINT_Initialize
                0x00000440       0x16 build/default/debug/mcc_generated_files/src/cpuint.o
                0x00000440                CPUINT_Initialize

.text.BOD_Initialize
                0x00000456       0x16
 .text.BOD_Initialize
                0x00000456       0x16 build/default/debug/mcc_generated_files/mcc.o
                0x00000456                BOD_Initialize

.text.PORT_Initialize
                0x0000046c       0x14
 .text.PORT_Initialize
                0x0000046c       0x14 build/default/debug/mcc_generated_files/src/pin_manager.o
                0x0000046c                PORT_Initialize

.text.SYSTEM_Initialize
                0x00000480       0x14
 .text.SYSTEM_Initialize
                0x00000480       0x14 build/default/debug/mcc_generated_files/mcc.o
                0x00000480                SYSTEM_Initialize

.text.SLPCTRL_Initialize
                0x00000494        0xe
 .text.SLPCTRL_Initialize
                0x00000494        0xe build/default/debug/mcc_generated_files/mcc.o
                0x00000494                SLPCTRL_Initialize

.text.WDT_Initialize
                0x000004a2        0xe
 .text.WDT_Initialize
                0x000004a2        0xe build/default/debug/mcc_generated_files/mcc.o
                0x000004a2                WDT_Initialize

.text.TCA0_ClearOverflowInterruptFlag
                0x000004b0        0xc
 .text.TCA0_ClearOverflowInterruptFlag
                0x000004b0        0xc build/default/debug/mcc_generated_files/src/tca0.o
                0x000004b0                TCA0_ClearOverflowInterruptFlag

.text.TCA0_SetOVFIsrCallback
                0x000004bc        0xa
 .text.TCA0_SetOVFIsrCallback
                0x000004bc        0xa build/default/debug/mcc_generated_files/src/tca0.o
                0x000004bc                TCA0_SetOVFIsrCallback

.text.pwmOverflow
                0x000004c6        0xa
 .text.pwmOverflow
                0x000004c6        0xa build/default/debug/main.o
                0x000004c6                pwmOverflow

.text.protected_write_io
                0x000004d0        0x8
 .text.protected_write_io
                0x000004d0        0x8 build/default/debug/mcc_generated_files/src/protected_io.o
                0x000004d0                protected_write_io

.text.TCA0_EnableInterrupt
                0x000004d8        0x8
 .text.TCA0_EnableInterrupt
                0x000004d8        0x8 build/default/debug/mcc_generated_files/src/tca0.o
                0x000004d8                TCA0_EnableInterrupt

.text           0x000004e0        0x2
 .text          0x000004e0        0x2 C:/Program Files (x86)/Microchip/MPLABX/v5.25/packs/Microchip/ATtiny_DFP/2.0.10/gcc/dev/attiny412/avrxmega3/short-calls/crtattiny412.o
                0x000004e0                __vector_22
                0x000004e0                __vector_1
                0x000004e0                __vector_24
                0x000004e0                __bad_interrupt
                0x000004e0                __vector_6
                0x000004e0                __vector_3
                0x000004e0                __vector_23
                0x000004e0                __vector_25
                0x000004e0                __vector_17
                0x000004e0                __vector_19
                0x000004e0                __vector_7
                0x000004e0                __vector_5
                0x000004e0                __vector_4
                0x000004e0                __vector_9
                0x000004e0                __vector_21
                0x000004e0                __vector_15
                0x000004e0                __vector_14
                0x000004e0                __vector_16
                0x000004e0                __vector_18
                0x000004e0                __vector_20

.text.TCA0_DefaultCMP0IsrCallback
                0x000004e2        0x2
 .text.TCA0_DefaultCMP0IsrCallback
                0x000004e2        0x2 build/default/debug/mcc_generated_files/src/tca0.o
                0x000004e2                TCA0_DefaultCMP0IsrCallback

.text.TCA0_DefaultCMP1IsrCallback
                0x000004e4        0x2
 .text.TCA0_DefaultCMP1IsrCallback
                0x000004e4        0x2 build/default/debug/mcc_generated_files/src/tca0.o
                0x000004e4                TCA0_DefaultCMP1IsrCallback

.text.TCA0_DefaultCMP2IsrCallback
                0x000004e6        0x2
 .text.TCA0_DefaultCMP2IsrCallback
                0x000004e6        0x2 build/default/debug/mcc_generated_files/src/tca0.o
                0x000004e6                TCA0_DefaultCMP2IsrCallback

.text.TCA0_DefaultOVFIsrCallback
                0x000004e8        0x2
 .text.TCA0_DefaultOVFIsrCallback
                0x000004e8        0x2 build/default/debug/mcc_generated_files/src/tca0.o
                0x000004e8                TCA0_DefaultOVFIsrCallback

.data.TCA0_OVF_isr_cb
                0x00803f02        0x2 load address 0x000004ea
 .data.TCA0_OVF_isr_cb
                0x00803f02        0x2 build/default/debug/mcc_generated_files/src/tca0.o
                0x00803f02                TCA0_OVF_isr_cb

.data.TCA0_CMP2_isr_cb
                0x00803f04        0x2 load address 0x000004ec
 .data.TCA0_CMP2_isr_cb
                0x00803f04        0x2 build/default/debug/mcc_generated_files/src/tca0.o
                0x00803f04                TCA0_CMP2_isr_cb

.data.TCA0_CMP1_isr_cb
                0x00803f06        0x2 load address 0x000004ee
 .data.TCA0_CMP1_isr_cb
                0x00803f06        0x2 build/default/debug/mcc_generated_files/src/tca0.o
                0x00803f06                TCA0_CMP1_isr_cb

.data.TCA0_CMP0_isr_cb
                0x00803f08        0x2 load address 0x000004f0
 .data.TCA0_CMP0_isr_cb
                0x00803f08        0x2 build/default/debug/mcc_generated_files/src/tca0.o
                0x00803f08                TCA0_CMP0_isr_cb
